<beep>/basic.c
<beep>/basic.c(139,1-4): Breakpoint reached.
