<beep>/hide-mapp-predicate.c
<beep>/hide-mapp-predicate.c(310,1-4): Breakpoint reached.
